// Jest Snapshot v1, https://goo.gl/fbAQLP

exports[`containers/SearchProperty redirects to login if not logged in 1`] = `
<div
  className="search-container container"
>
  <div
    className="row"
  >
    <div
      className="search-filters-container col"
    >
      <div
        className="search-sidebar"
      >
        Search Sidebar
      </div>
    </div>
    <div
      className="search-table-container col-9"
    >
      <div
        className="search-table-component"
      >
        <table
          className="table table-striped table-hover"
        >
          <thead
            className="table-header"
          >
            <tr>
              <th>
                Property Type
              </th>
              <th>
                Address
              </th>
              <th>
                Rent
              </th>
              <th>
                Bedrooms
              </th>
              <th>
                Bathrooms
              </th>
              <th>
                Actions
              </th>
            </tr>
          </thead>
          <tbody
            bo={true}
          >
            <tr
              className=""
              onClick={[Function]}
            >
              <td>
                Apartment
              </td>
              <td>
                520 E Main Street
              </td>
              <td>
                $2500
              </td>
              <td>
                5
              </td>
              <td>
                1
              </td>
              <td>
                Test
              </td>
            </tr>
          </tbody>
        </table>
      </div>
      <div
        className="btn-group"
        role="group"
      >
        <button
          className="PaginationBox btn btn-secondary"
          disabled={false}
          onClick={[Function]}
          type="button"
        >
          <a>
            First
          </a>
        </button>
        <button
          className="PaginationBox btn btn-secondary"
          disabled={false}
          onClick={[Function]}
          type="button"
        >
          <a>
            1
          </a>
        </button>
        <button
          className="PaginationBox btn btn-secondary"
          disabled={false}
          onClick={[Function]}
          type="button"
        >
          <a>
            2
          </a>
        </button>
        <button
          className="PaginationBox btn btn-secondary"
          disabled={false}
          onClick={[Function]}
          type="button"
        >
          <a>
            3
          </a>
        </button>
        <button
          className="PaginationBox btn btn-secondary"
          disabled={false}
          onClick={[Function]}
          type="button"
        >
          <a>
            4
          </a>
        </button>
        <button
          className="PaginationBox btn btn-secondary"
          disabled={false}
          onClick={[Function]}
          type="button"
        >
          <a>
            5
          </a>
        </button>
        <button
          className="PaginationBox btn btn-secondary"
          disabled={false}
          onClick={[Function]}
          type="button"
        >
          <a>
            6
          </a>
        </button>
        <button
          className="PaginationBox btn btn-secondary"
          disabled={false}
          onClick={[Function]}
          type="button"
        >
          <a>
            7
          </a>
        </button>
        <button
          className="PaginationBox btn btn-secondary"
          disabled={false}
          onClick={[Function]}
          type="button"
        >
          <a>
            8
          </a>
        </button>
        <button
          className="PaginationBox btn btn-secondary"
          disabled={false}
          onClick={[Function]}
          type="button"
        >
          <a>
            9
          </a>
        </button>
        <button
          className="PaginationBox btn btn-secondary"
          disabled={false}
          onClick={[Function]}
          type="button"
        >
          <a>
            10
          </a>
        </button>
        <button
          className="PaginationBox btn btn-secondary"
          disabled={false}
          onClick={[Function]}
          type="button"
        >
          <a>
            Next
          </a>
        </button>
        <button
          className="PaginationBox btn btn-secondary"
          disabled={false}
          onClick={[Function]}
          type="button"
        >
          <a>
            Last
          </a>
        </button>
      </div>
    </div>
  </div>
</div>
`;
